[demo.web3canvas.com/themeforest/gather/index.html]
[demo.web3canvas.com/cdn-cgi/apps/head/G7QH0MjiTvIVKi248Nxaf3rr0vY.js]
[backblue.gif]
[fade.gif]
[index.html]
[demo.web3canvas.com/themeforest/gather/images/favicon.ico]
[demo.web3canvas.com/themeforest/gather/css/bootstrap.min.css]
[demo.web3canvas.com/themeforest/gather/css/plugins/animate.css]
[demo.web3canvas.com/themeforest/gather/css/plugins/slick.css]
[demo.web3canvas.com/themeforest/gather/css/plugins/magnific-popup.css]
[demo.web3canvas.com/themeforest/gather/css/plugins/font-awesome.css]
[demo.web3canvas.com/themeforest/gather/css/plugins/streamline-icons.css]
[demo.web3canvas.com/themeforest/gather/css/event.css]
[demo.web3canvas.com/themeforest/gather/css/themes/green.css]
[demo.web3canvas.com/themeforest/gather/css/themes/purple.css]
[demo.web3canvas.com/themeforest/gather/css/themes/red.css]
[demo.web3canvas.com/themeforest/gather/css/themes/mint.css]
[demo.web3canvas.com/themeforest/gather/css/themes/blue.css]
[demo.web3canvas.com/themeforest/gather/css/themes/yellow.css]
[demo.web3canvas.com/themeforest/gather/css/themes/black.css]
[demo.web3canvas.com/themeforest/gather/css/demo.css]
[demo.web3canvas.com/themeforest/gather/js/modernizr.min.js]
[demo.web3canvas.com/themeforest/gather/js/plugins/pace.js]
[demo.web3canvas.com/themeforest/gather/images/event-logo-dark.png]
[demo.web3canvas.com/themeforest/gather/shortcodes.html]
[demo.web3canvas.com/themeforest/gather/blog.html]
[demo.web3canvas.com/themeforest/gather/blog-single.html]
[demo.web3canvas.com/themeforest/gather/index-slider.html]
[demo.web3canvas.com/themeforest/gather/index-parallax.html]
[demo.web3canvas.com/themeforest/gather/index-video.html]
[demo.web3canvas.com/themeforest/gather/index-email.html]
[demo.web3canvas.com/themeforest/gather/index-mailchimp.html]
[demo.web3canvas.com/themeforest/gather/index-eventbrite.html]
[demo.web3canvas.com/themeforest/gather/images/event-logo.png]
[demo.web3canvas.com/themeforest/gather/images/avatar_1.png]
[demo.web3canvas.com/themeforest/gather/images/avatar_2.png]
[demo.web3canvas.com/themeforest/gather/images/avatar_3.png]
[demo.web3canvas.com/themeforest/gather/images/avatar_4.png]
[demo.web3canvas.com/themeforest/gather/images/avatar_5.png]
[demo.web3canvas.com/themeforest/gather/images/avatar_6.png]
[demo.web3canvas.com/themeforest/gather/images/gallery_1.jpg]
[demo.web3canvas.com/themeforest/gather/images/gallery_2.jpg]
[demo.web3canvas.com/themeforest/gather/images/gallery_3.jpg]
[demo.web3canvas.com/themeforest/gather/images/gallery_4.jpg]
[demo.web3canvas.com/themeforest/gather/images/gallery_5.jpg]
[demo.web3canvas.com/themeforest/gather/images/video_thumb_1.jpg]
[demo.web3canvas.com/themeforest/gather/images/video_thumb_2.jpg]
[demo.web3canvas.com/themeforest/gather/images/video_thumb_3.jpg]
[demo.web3canvas.com/themeforest/gather/images/video_thumb_4.jpg]
[demo.web3canvas.com/themeforest/gather/images/hotel_1.jpg]
[demo.web3canvas.com/themeforest/gather/images/hotel_2.jpg]
[demo.web3canvas.com/themeforest/gather/images/hotel_3.jpg]
[demo.web3canvas.com/themeforest/gather/images/sponsor_1.png]
[demo.web3canvas.com/themeforest/gather/images/sponsor_2.png]
[demo.web3canvas.com/themeforest/gather/images/sponsor_3.png]
[demo.web3canvas.com/themeforest/gather/images/sponsor_4.png]
[demo.web3canvas.com/themeforest/gather/images/location-icon.png]
[demo.web3canvas.com/themeforest/gather/images/email-icon.png]
[demo.web3canvas.com/themeforest/gather/images/back_to_top.png]
[www.paypalobjects.com/en_US/i/scr/pixel.gif]
[demo.web3canvas.com/themeforest/gather/js/jquery.min.js]
[demo.web3canvas.com/themeforest/gather/js/bootstrap.min.js]
[demo.web3canvas.com/themeforest/gather/js/plugins/countdown.js]
[demo.web3canvas.com/themeforest/gather/js/plugins/wow.js]
[demo.web3canvas.com/themeforest/gather/js/plugins/slick.js]
[demo.web3canvas.com/themeforest/gather/js/plugins/magnific-popup.js]
[demo.web3canvas.com/themeforest/gather/js/plugins/validate.js]
[demo.web3canvas.com/themeforest/gather/js/plugins/appear.js]
[demo.web3canvas.com/themeforest/gather/js/plugins/count-to.js]
[demo.web3canvas.com/themeforest/gather/js/plugins/nicescroll.js]
[demo.web3canvas.com/themeforest/gather/js/plugins/infobox.js]
[demo.web3canvas.com/themeforest/gather/js/plugins/google-map.js]
[demo.web3canvas.com/themeforest/gather/js/plugins/directions.js]
[demo.web3canvas.com/themeforest/gather/js/plugins/style-switcher.js]
[demo.web3canvas.com/themeforest/gather/js/includes/subscribe.js]
[demo.web3canvas.com/themeforest/gather/js/includes/contact_form.js]
[demo.web3canvas.com/themeforest/gather/index.html]
[demo.web3canvas.com/themeforest/gather/js/main.js]
[demo.web3canvas.com/themeforest/gather/fonts/glyphicons-halflings-regular.eot]
[demo.web3canvas.com/themeforest/gather/fonts/glyphicons-halflings-regulard41d.eot]
[demo.web3canvas.com/themeforest/gather/fonts/glyphicons-halflings-regular.woff]
[demo.web3canvas.com/themeforest/gather/fonts/glyphicons-halflings-regular.ttf]
[demo.web3canvas.com/themeforest/gather/css/bootstrap.min.css]
[demo.web3canvas.com/themeforest/gather/css/plugins/animate.css]
[demo.web3canvas.com/themeforest/gather/fonts/glyphicons-halflings-regular.svg]
[demo.web3canvas.com/themeforest/gather/images/ajax-loader.gif]
[demo.web3canvas.com/themeforest/gather/css/plugins/slick.css]
[demo.web3canvas.com/themeforest/gather/css/plugins/magnific-popup.css]
[demo.web3canvas.com/themeforest/gather/fonts/fontawesome-webfonte0a5.eot]
[demo.web3canvas.com/themeforest/gather/fonts/fontawesome-webfontd41d.eot]
[demo.web3canvas.com/themeforest/gather/fonts/fontawesome-webfonte0a5.woff]
[demo.web3canvas.com/themeforest/gather/fonts/fontawesome-webfonte0a5.ttf]
[demo.web3canvas.com/themeforest/gather/css/plugins/font-awesome.css]
[demo.web3canvas.com/themeforest/gather/fonts/fontawesome-webfonte0a5.svg]
[demo.web3canvas.com/themeforest/gather/fonts/streamline.eot]
[demo.web3canvas.com/themeforest/gather/fonts/streamlined41d.eot]
[demo.web3canvas.com/themeforest/gather/fonts/streamline.woff]
[demo.web3canvas.com/themeforest/gather/fonts/streamline.ttf]
[demo.web3canvas.com/themeforest/gather/css/plugins/streamline-icons.css]
[demo.web3canvas.com/themeforest/gather/fonts/streamline.svg]
[demo.web3canvas.com/themeforest/gather/images/collapse.png]
[demo.web3canvas.com/themeforest/gather/images/header_graphic_1.png]
[demo.web3canvas.com/themeforest/gather/images/header_graphic_2.png]
[demo.web3canvas.com/themeforest/gather/images/parallax-bg.jpg]
[demo.web3canvas.com/themeforest/gather/images/slider-bg.jpg]
[demo.web3canvas.com/themeforest/gather/video/event-video.jpg]
[demo.web3canvas.com/themeforest/gather/images/footer_bg_light.png]
[demo.web3canvas.com/themeforest/gather/css/event.css]
[demo.web3canvas.com/themeforest/gather/css/themes/green.css]
[demo.web3canvas.com/themeforest/gather/css/themes/purple.css]
[demo.web3canvas.com/themeforest/gather/css/themes/red.css]
[demo.web3canvas.com/themeforest/gather/css/themes/mint.css]
[demo.web3canvas.com/themeforest/gather/css/themes/blue.css]
[demo.web3canvas.com/themeforest/gather/css/themes/yellow.css]
[demo.web3canvas.com/themeforest/gather/css/themes/black.css]
[demo.web3canvas.com/themeforest/gather/css/demo.css]
[demo.web3canvas.com/themeforest/gather/images/customer-img-1.jpg]
[demo.web3canvas.com/themeforest/gather/images/customer-img-2.jpg]
[demo.web3canvas.com/themeforest/gather/images/blog-thumb-1.jpg]
[demo.web3canvas.com/themeforest/gather/images/blog-thumb-2.jpg]
[demo.web3canvas.com/themeforest/gather/images/blog-thumb-3.jpg]
[demo.web3canvas.com/themeforest/gather/font-awesome.html]
[demo.web3canvas.com/themeforest/gather/streamline-icons.html]
[demo.web3canvas.com/themeforest/gather/glyphicons.html]
[demo.web3canvas.com/themeforest/gather/images/img_place_2.jpg]
[demo.web3canvas.com/themeforest/gather/shortcodes.html]
[demo.web3canvas.com/themeforest/gather/blog.html]
[demo.web3canvas.com/themeforest/gather/images/blog-featured.jpg]
[demo.web3canvas.com/themeforest/gather/images/blog-avatar-1.jpg]
[demo.web3canvas.com/themeforest/gather/images/blog-avatar-2.jpg]
[demo.web3canvas.com/themeforest/gather/blog-single.html]
[demo.web3canvas.com/themeforest/gather/css/plugins/flexslider.css]
[demo.web3canvas.com/themeforest/gather/index-slider.html]
[demo.web3canvas.com/themeforest/gather/js/plugins/flexslider.js]
[demo.web3canvas.com/themeforest/gather/index-parallax.html]
[demo.web3canvas.com/themeforest/gather/js/plugins/parallax.js]
[demo.web3canvas.com/themeforest/gather/video/event-video.mp4]
[demo.web3canvas.com/themeforest/gather/video/event-video.webm]
[demo.web3canvas.com/themeforest/gather/video/event-video.ogg]
[demo.web3canvas.com/themeforest/gather/index-video.html]
[demo.web3canvas.com/themeforest/gather/index-email.html]
[demo.web3canvas.com/themeforest/gather/index-mailchimp.html]
[demo.web3canvas.com/themeforest/gather/index-eventbrite.html]
[demo.web3canvas.com/themeforest/gather/js/includes/register.js]
[demo.web3canvas.com/themeforest/gather/fonts/glyphicons-halflings-regular.html]
[demo.web3canvas.com/themeforest/gather/fonts/glyphicons-halflings-regular.svg]
[demo.web3canvas.com/themeforest/gather/fonts/fontawesome-webfonte0a5.html]
[demo.web3canvas.com/themeforest/gather/fonts/fontawesome-webfonte0a5.svg]
[demo.web3canvas.com/themeforest/gather/fonts/streamline.svg]
[demo.web3canvas.com/themeforest/gather/font-awesome.html]
[demo.web3canvas.com/themeforest/gather/streamline-icons.html]
[demo.web3canvas.com/themeforest/gather/glyphicons.html]
[demo.web3canvas.com/themeforest/gather/images/bg_direction_nav.png]
[demo.web3canvas.com/themeforest/gather/css/plugins/flexslider.css]
[demo.web3canvas.com/themeforest/gather/php/verify-ipn.php]
[demo.web3canvas.com/themeforest/gather/success.html]
